 2020-05-04 19:22:33,862 -  INFO -  
-.-.-.-.-.-.-.-.-.-.-.-.-.-.-.-.-.-.-.-.-.-.-
           Project Helicopter Spec           
Rotors: ('MR', 'TR')
-.-.-.-.-.-.-.-.-.-.-.-.-.-.-.-.-.-.-.-.-.-.-
Main Rotor Inputs:
           MR_dia:  35.000 [ft]
             MR_b:   4.000 []
            MR_ce:  10.400 [in]
         MR_Omega:  43.200 [rad/s]
           MR_cd0:   0.008 []
             MR_R:  17.500 []
             MR_A: 962.113 []
          MR_vtip: 756.000 []
           MR_sol:   0.063 []
-.-.-.-.-.-.-.-.-.-.-.-.-.-.-.-.-.-.-.-.-.-.-
Tail Rotor Inputs:
           TR_dia:   5.420 [ft]
             TR_b:   4.000 []
            TR_ce:   7.000 [in]
         TR_Omega: 239.850 [rad/s]
           TR_cd0:   0.015 []
             TR_R:   2.710 []
             TR_A:  23.072 []
          TR_vtip: 649.993 []
           TR_sol:   0.274 []
-.-.-.-.-.-.-.-.-.-.-.-.-.-.-.-.-.-.-.-.-.-.-
Airframe Data:
         GW_empty: 2853.000 [lbs]
          GW_fuel: 869.000 [lbs]
       GW_payload: 1278.000 [lbs]
         download:   0.030 [.%]
      HIGE_factor:   1.200 []
               fe:  12.900 [ft2]
           l_tail:  21.210 [ft]
             S_vt:  20.920 [ft2]
            cl_vt:   0.220 []
            AR_vt:   3.000 []
-.-.-.-.-.-.-.-.-.-.-.-.-.-.-.-.-.-.-.-.-.-.-
Engine Data:
       eta_MRxsmn:   0.985 [.%]
       eta_TRxsmn:   0.971 [.%]
      eta_xsmn_co:   0.986 [.%]
         eta_inst:   0.950 [.%]
         xsmn_lim: 674.000 [hp]
          pwr_lim: 813.000 [hp]
-.-.-.-.-.-.-.-.-.-.-.-.-.-.-.-.-.-.-.-.-.-.-
 2020-05-04 19:22:33,862 -  INFO -  
 2020-05-04 19:22:33,862 -  INFO -  -.-.-.-.-.-.-.-.-.-.-.-.-.-.-.-.-.-.-.-.-.-.-
 2020-05-04 19:22:33,862 -  INFO -                 Results - HOGE                
 2020-05-04 19:22:33,862 -  INFO -  -.-.-.-.-.-.-.-.-.-.-.-.-.-.-.-.-.-.-.-.-.-.-
 2020-05-04 19:22:33,862 -  INFO -                  a:    5.717
 2020-05-04 19:22:33,862 -  INFO -            delta_0:  0.009518
 2020-05-04 19:22:33,862 -  INFO -                 Ct:  0.003937
 2020-05-04 19:22:33,862 -  INFO -          TR_thrust:    291.1
 2020-05-04 19:22:33,862 -  INFO -               Cq_i:  0.0001787
 2020-05-04 19:22:33,862 -  INFO -               Cq_v:      0.0
 2020-05-04 19:22:33,862 -  INFO -               Cq_0:  7.502e-05
 2020-05-04 19:22:33,862 -  INFO -               Cq_1:  -1.037e-05
 2020-05-04 19:22:33,862 -  INFO -               Cq_2:  1.317e-05
 2020-05-04 19:22:33,862 -  INFO -                 Cq:  0.0002565
 2020-05-04 19:22:33,862 -  INFO -                  Q:  6.174e+03
 2020-05-04 19:22:33,863 -  INFO -               P_MR:  2.425e+05
 2020-05-04 19:22:33,863 -  INFO -              HP_MR:    485.0
 2020-05-04 19:22:33,863 -  INFO -              HP_TR:     45.3
 2020-05-04 19:22:33,863 -  INFO -            SHP_ins:    566.0
 2020-05-04 19:22:33,863 -  INFO -          SHP_unins:    595.8
 2020-05-04 19:22:33,863 -  INFO -                sfc:   0.4982
 2020-05-04 19:22:33,863 -  INFO -  
 2020-05-04 19:22:33,863 -  INFO -  
 2020-05-04 19:22:33,863 -  INFO -  -.-.-.-.-.-.-.-.-.-.-.-.-.-.-.-.-.-.-.-.-.-.-
 2020-05-04 19:22:33,863 -  INFO -                 Results - HIGE                
 2020-05-04 19:22:33,863 -  INFO -  -.-.-.-.-.-.-.-.-.-.-.-.-.-.-.-.-.-.-.-.-.-.-
 2020-05-04 19:22:33,863 -  INFO -                  a:    5.717
 2020-05-04 19:22:33,863 -  INFO -            delta_0:  0.009518
 2020-05-04 19:22:33,863 -  INFO -                 Ct:  0.003281
 2020-05-04 19:22:33,863 -  INFO -          TR_thrust:    240.6
 2020-05-04 19:22:33,863 -  INFO -               Cq_i:  0.0001356
 2020-05-04 19:22:33,863 -  INFO -               Cq_v:      0.0
 2020-05-04 19:22:33,863 -  INFO -               Cq_0:  7.502e-05
 2020-05-04 19:22:33,863 -  INFO -               Cq_1:  -8.61e-06
 2020-05-04 19:22:33,863 -  INFO -               Cq_2:  9.071e-06
 2020-05-04 19:22:33,863 -  INFO -                 Cq:  0.0002111
 2020-05-04 19:22:33,863 -  INFO -                  Q:  5.103e+03
 2020-05-04 19:22:33,863 -  INFO -               P_MR:  2.004e+05
 2020-05-04 19:22:33,863 -  INFO -              HP_MR:    400.8
 2020-05-04 19:22:33,864 -  INFO -              HP_TR:    37.45
 2020-05-04 19:22:33,864 -  INFO -            SHP_ins:    471.2
 2020-05-04 19:22:33,864 -  INFO -          SHP_unins:    496.0
 2020-05-04 19:22:33,864 -  INFO -                sfc:   0.5224
 2020-05-04 19:22:37,651 -  INFO -  
 2020-05-04 19:22:37,651 -  INFO -  
 2020-05-04 19:22:37,651 -  INFO -  -.-.-.-.-.-.-.-.-.-.-.-.-.-.-.-.-.-.-.-.-.-.-
 2020-05-04 19:22:37,651 -  INFO -              Project Spec Mission             
 2020-05-04 19:22:37,651 -  INFO -  -.-.-.-.-.-.-.-.-.-.-.-.-.-.-.-.-.-.-.-.-.-.-
 2020-05-04 19:22:37,651 -  INFO -  Idled for 1[mins].
 2020-05-04 19:22:37,651 -  INFO -     Burned 2.27[lbs] of fuel.
 2020-05-04 19:22:37,651 -  INFO -     New GW = 4997.73[lbs], fuel: 866.73
 2020-05-04 19:22:37,651 -  INFO -  
 2020-05-04 19:22:37,651 -  INFO -  Ran at IRP for 1[mins].
 2020-05-04 19:22:37,651 -  INFO -     Burned 6.42[lbs] of fuel.
 2020-05-04 19:22:37,652 -  INFO -     New GW = 4991.31[lbs], fuel: 860.31
 2020-05-04 19:22:37,652 -  INFO -  
 2020-05-04 19:22:37,652 -  INFO -  MCP Climb for 5[mins] @ 1000[ft/min].
 2020-05-04 19:22:37,652 -  INFO -     Burned 31.00[lbs] of fuel.
 2020-05-04 19:22:37,652 -  INFO -     New GW = 4960.31[lbs], fuel: 829.31
 2020-05-04 19:22:37,652 -  INFO -  
 2020-05-04 19:22:37,718 -  INFO -  Forward flight for 160[nm] @ 110[kts].
 2020-05-04 19:22:37,718 -  INFO -     Burned 374.09[lbs] of fuel.
 2020-05-04 19:22:37,718 -  INFO -     New GW = 4586.22[lbs], fuel: 455.22
 2020-05-04 19:22:37,718 -  INFO -  
 2020-05-04 19:22:37,748 -  INFO -  Loitered at 60[kts] for 10[mins].
 2020-05-04 19:22:37,748 -  INFO -     Burned 32.14[lbs] of fuel.
 2020-05-04 19:22:37,748 -  INFO -     New GW 4554.09[lbs], fuel: 423.09
 2020-05-04 19:22:37,748 -  INFO -  
 2020-05-04 19:22:37,748 -  INFO -  Hovered for 1[mins], burning 4.60[lbs] of fuel.
 2020-05-04 19:22:37,748 -  INFO -     New GW = 4549.49[lbs], fuel: 418.49
 2020-05-04 19:22:37,748 -  INFO -  
 2020-05-04 19:22:37,748 -  INFO -  Landed! Unloading 1278[lbs] of cargo.
 2020-05-04 19:22:37,749 -  INFO -  Idled for 5[mins], burning 11.34[lbs] of fuel.
 2020-05-04 19:22:37,749 -  INFO -     New GW = 3260.14[lbs], fuel: 407.14
 2020-05-04 19:22:37,749 -  INFO -  
 2020-05-04 19:22:37,749 -  INFO -  Hovered for 1[mins], burning 3.71[lbs] of fuel.
 2020-05-04 19:22:37,749 -  INFO -     New GW = 3256.44[lbs], fuel: 403.44
 2020-05-04 19:22:37,749 -  INFO -  
 2020-05-04 19:22:37,749 -  INFO -  MCP Climb for 5[mins] @ 1000[ft/min].
 2020-05-04 19:22:37,749 -  INFO -     Burned 31.00[lbs] of fuel.
 2020-05-04 19:22:37,749 -  INFO -     New GW = 3225.44[lbs], fuel: 372.44
 2020-05-04 19:22:37,749 -  INFO -  
 2020-05-04 19:22:37,779 -  INFO -  Forward flight for 160[nm] @ 110[kts].
 2020-05-04 19:22:37,779 -  INFO -     Burned 333.85[lbs] of fuel.
 2020-05-04 19:22:37,779 -  INFO -     New GW = 2891.59[lbs], fuel: 38.59
 2020-05-04 19:22:37,779 -  INFO -  
 2020-05-04 19:22:37,779 -  INFO -  Hovered for 1[mins], burning 3.48[lbs] of fuel.
 2020-05-04 19:22:37,779 -  INFO -     New GW = 2888.11[lbs], fuel: 35.11
 2020-05-04 19:22:37,780 -  INFO -  
 2020-05-04 19:22:37,780 -  INFO -  Idled for 1[mins].
 2020-05-04 19:22:37,780 -  INFO -     Burned 2.27[lbs] of fuel.
 2020-05-04 19:22:37,780 -  INFO -     New GW = 2885.84[lbs], fuel: 32.84
 2020-05-04 19:22:37,780 -  INFO -  
 2020-05-04 19:22:37,780 -  INFO -  
 2020-05-04 19:22:37,780 -  INFO -  Mission Complete! 32.84 [lbs] of fuel remaining.
 2020-05-04 19:22:37,780 -  INFO -  Total Range = 340.00[nm]
 2020-05-04 19:22:37,780 -  INFO -  -.-.-.-.-.-.-.-.-.-.-.-.-.-.-.-.-.-.-.-.-.-.-
